 * Persistence : C:\Users\Vanitha\OneDrive\Desktop\brute-force-log-analyzer\bfla.db
 * Geo lookup  : no database configured
 * Alerting    : no channel configured
 * Live watch  : no BFLA_WATCH_PATH set
 * Serving Flask app 'app'
 * Debug mode: off
WARNING: This is a development server. Do not use it in a production deployment. Use a production WSGI server instead.
 * Running on http://127.0.0.1:5000
Press CTRL+C to quit
127.0.0.1 - - [05/Sep/2026 15:04:43] "GET / HTTP/1.1" 200 -
127.0.0.1 - - [05/Sep/2026 15:04:55] "POST /api/analyze HTTP/1.1" 200 -
127.0.0.1 - - [05/Sep/2026 15:04:56] "POST /api/report HTTP/1.1" 200 -
127.0.0.1 - - [05/Sep/2026 15:04:56] "GET /api/history HTTP/1.1" 200 -
 * Persistence : C:\Users\Vanitha\OneDrive\Desktop\brute-force-log-analyzer\bfla.db
 * Geo lookup  : no database configured
 * Alerting    : no channel configured
 * Live watch  : no BFLA_WATCH_PATH set
 * Serving Flask app 'app'
 * Debug mode: off
WARNING: This is a development server. Do not use it in a production deployment. Use a production WSGI server instead.
 * Running on http://127.0.0.1:5000
Press CTRL+C to quit
 * Persistence : C:\Users\Vanitha\OneDrive\Desktop\brute-force-log-analyzer\bfla.db
 * Geo lookup  : no database configured
 * Alerting    : no channel configured
 * Live watch  : no BFLA_WATCH_PATH set
 * Serving Flask app 'app'
 * Debug mode: off
WARNING: This is a development server. Do not use it in a production deployment. Use a production WSGI server instead.
 * Running on http://127.0.0.1:5000
Press CTRL+C to quit
 * Persistence : C:\Users\Vanitha\OneDrive\Desktop\brute-force-log-analyzer\bfla.db
 * Geo lookup  : no database configured
 * Alerting    : no channel configured
 * Live watch  : no BFLA_WATCH_PATH set
 * Serving Flask app 'app'
 * Debug mode: off
WARNING: This is a development server. Do not use it in a production deployment. Use a production WSGI server instead.
 * Running on http://127.0.0.1:5000
Press CTRL+C to quit
 * Persistence : C:\Users\Vanitha\OneDrive\Desktop\brute-force-log-analyzer\bfla.db
 * Geo lookup  : no database configured
 * Alerting    : no channel configured
 * Live watch  : no BFLA_WATCH_PATH set
 * Serving Flask app 'app'
 * Debug mode: off
WARNING: This is a development server. Do not use it in a production deployment. Use a production WSGI server instead.
 * Running on http://127.0.0.1:5000
Press CTRL+C to quit
 * Persistence : C:\Users\Vanitha\OneDrive\Desktop\brute-force-log-analyzer\bfla.db
 * Geo lookup  : no database configured
 * Alerting    : no channel configured
 * Live watch  : no BFLA_WATCH_PATH set
 * Serving Flask app 'app'
 * Debug mode: off
WARNING: This is a development server. Do not use it in a production deployment. Use a production WSGI server instead.
 * Running on http://127.0.0.1:5000
Press CTRL+C to quit
 * Persistence : C:\Users\Vanitha\OneDrive\Desktop\brute-force-log-analyzer\bfla.db
 * Geo lookup  : no database configured
 * Alerting    : no channel configured
 * Live watch  : no BFLA_WATCH_PATH set
 * Serving Flask app 'app'
 * Debug mode: off
WARNING: This is a development server. Do not use it in a production deployment. Use a production WSGI server instead.
 * Running on http://127.0.0.1:5000
Press CTRL+C to quit
 * Persistence : C:\Users\Vanitha\OneDrive\Desktop\brute-force-log-analyzer\bfla.db
 * Geo lookup  : no database configured
 * Alerting    : no channel configured
 * Live watch  : no BFLA_WATCH_PATH set
 * Serving Flask app 'app'
 * Debug mode: off
WARNING: This is a development server. Do not use it in a production deployment. Use a production WSGI server instead.
 * Running on http://127.0.0.1:5000
Press CTRL+C to quit
 * Persistence : C:\Users\Vanitha\OneDrive\Desktop\brute-force-log-analyzer\bfla.db
 * Geo lookup  : no database configured
 * Alerting    : no channel configured
 * Live watch  : no BFLA_WATCH_PATH set
 * Serving Flask app 'app'
 * Debug mode: off
WARNING: This is a development server. Do not use it in a production deployment. Use a production WSGI server instead.
 * Running on http://127.0.0.1:5000
Press CTRL+C to quit
 * Persistence : C:\Users\Vanitha\OneDrive\Desktop\brute-force-log-analyzer\bfla.db
 * Geo lookup  : no database configured
 * Alerting    : no channel configured
 * Live watch  : no BFLA_WATCH_PATH set
 * Serving Flask app 'app'
 * Debug mode: off
WARNING: This is a development server. Do not use it in a production deployment. Use a production WSGI server instead.
 * Running on http://127.0.0.1:5000
Press CTRL+C to quit
 * Persistence : C:\Users\Vanitha\OneDrive\Desktop\brute-force-log-analyzer\bfla.db
 * Geo lookup  : no database configured
 * Alerting    : no channel configured
 * Live watch  : no BFLA_WATCH_PATH set
 * Serving Flask app 'app'
 * Debug mode: off
WARNING: This is a development server. Do not use it in a production deployment. Use a production WSGI server instead.
 * Running on http://127.0.0.1:5000
Press CTRL+C to quit
 * Persistence : C:\Users\Vanitha\OneDrive\Desktop\brute-force-log-analyzer\bfla.db
 * Geo lookup  : no database configured
 * Alerting    : no channel configured
 * Live watch  : no BFLA_WATCH_PATH set
 * Serving Flask app 'app'
 * Debug mode: off
WARNING: This is a development server. Do not use it in a production deployment. Use a production WSGI server instead.
 * Running on http://127.0.0.1:5000
Press CTRL+C to quit
 * Persistence : C:\Users\Vanitha\OneDrive\Desktop\brute-force-log-analyzer\bfla.db
 * Geo lookup  : no database configured
 * Alerting    : no channel configured
 * Live watch  : no BFLA_WATCH_PATH set
 * Serving Flask app 'app'
 * Debug mode: off
WARNING: This is a development server. Do not use it in a production deployment. Use a production WSGI server instead.
 * Running on http://127.0.0.1:5000
Press CTRL+C to quit
 * Persistence : C:\Users\Vanitha\OneDrive\Desktop\brute-force-log-analyzer\bfla.db
 * Geo lookup  : no database configured
 * Alerting    : no channel configured
 * Live watch  : no BFLA_WATCH_PATH set
 * Serving Flask app 'app'
 * Debug mode: off
WARNING: This is a development server. Do not use it in a production deployment. Use a production WSGI server instead.
 * Running on http://127.0.0.1:5000
Press CTRL+C to quit
 * Persistence : C:\Users\Vanitha\OneDrive\Desktop\brute-force-log-analyzer\bfla.db
 * Geo lookup  : no database configured
 * Alerting    : no channel configured
 * Live watch  : no BFLA_WATCH_PATH set
 * Serving Flask app 'app'
 * Debug mode: off
WARNING: This is a development server. Do not use it in a production deployment. Use a production WSGI server instead.
 * Running on http://127.0.0.1:5000
Press CTRL+C to quit
 * Persistence : C:\Users\Vanitha\OneDrive\Desktop\brute-force-log-analyzer\bfla.db
 * Geo lookup  : no database configured
 * Alerting    : no channel configured
 * Live watch  : no BFLA_WATCH_PATH set
 * Serving Flask app 'app'
 * Debug mode: off
WARNING: This is a development server. Do not use it in a production deployment. Use a production WSGI server instead.
 * Running on http://127.0.0.1:5000
Press CTRL+C to quit
 * Persistence : C:\Users\Vanitha\OneDrive\Desktop\brute-force-log-analyzer\bfla.db
 * Geo lookup  : no database configured
 * Alerting    : no channel configured
 * Live watch  : no BFLA_WATCH_PATH set
 * Serving Flask app 'app'
 * Debug mode: off
WARNING: This is a development server. Do not use it in a production deployment. Use a production WSGI server instead.
 * Running on http://127.0.0.1:5000
Press CTRL+C to quit
 * Persistence : C:\Users\Vanitha\OneDrive\Desktop\brute-force-log-analyzer\bfla.db
 * Geo lookup  : no database configured
 * Alerting    : no channel configured
 * Live watch  : no BFLA_WATCH_PATH set
 * Serving Flask app 'app'
 * Debug mode: off
WARNING: This is a development server. Do not use it in a production deployment. Use a production WSGI server instead.
 * Running on http://127.0.0.1:5000
Press CTRL+C to quit
 * Persistence : C:\Users\Vanitha\OneDrive\Desktop\brute-force-log-analyzer\bfla.db
 * Geo lookup  : no database configured
 * Alerting    : no channel configured
 * Live watch  : no BFLA_WATCH_PATH set
 * Serving Flask app 'app'
 * Debug mode: off
WARNING: This is a development server. Do not use it in a production deployment. Use a production WSGI server instead.
 * Running on http://127.0.0.1:5000
Press CTRL+C to quit
 * Persistence : C:\Users\Vanitha\OneDrive\Desktop\brute-force-log-analyzer\bfla.db
 * Geo lookup  : no database configured
 * Alerting    : no channel configured
 * Live watch  : no BFLA_WATCH_PATH set
 * Serving Flask app 'app'
 * Debug mode: off
WARNING: This is a development server. Do not use it in a production deployment. Use a production WSGI server instead.
 * Running on http://127.0.0.1:5000
Press CTRL+C to quit
 * Persistence : C:\Users\Vanitha\OneDrive\Desktop\brute-force-log-analyzer\bfla.db
 * Geo lookup  : no database configured
 * Alerting    : no channel configured
 * Live watch  : no BFLA_WATCH_PATH set
 * Serving Flask app 'app'
 * Debug mode: off
WARNING: This is a development server. Do not use it in a production deployment. Use a production WSGI server instead.
 * Running on http://127.0.0.1:5000
Press CTRL+C to quit
 * Persistence : C:\Users\Vanitha\OneDrive\Desktop\brute-force-log-analyzer\bfla.db
 * Geo lookup  : no database configured
 * Alerting    : no channel configured
 * Live watch  : no BFLA_WATCH_PATH set
 * Serving Flask app 'app'
 * Debug mode: off
WARNING: This is a development server. Do not use it in a production deployment. Use a production WSGI server instead.
 * Running on http://127.0.0.1:5000
Press CTRL+C to quit
 * Persistence : C:\Users\Vanitha\OneDrive\Desktop\brute-force-log-analyzer\bfla.db
 * Geo lookup  : no database configured
 * Alerting    : no channel configured
 * Live watch  : no BFLA_WATCH_PATH set
 * Serving Flask app 'app'
 * Debug mode: off
WARNING: This is a development server. Do not use it in a production deployment. Use a production WSGI server instead.
 * Running on http://127.0.0.1:5000
Press CTRL+C to quit
 * Persistence : C:\Users\Vanitha\OneDrive\Desktop\brute-force-log-analyzer\bfla.db
 * Geo lookup  : no database configured
 * Alerting    : no channel configured
 * Live watch  : no BFLA_WATCH_PATH set
 * Serving Flask app 'app'
 * Debug mode: off
WARNING: This is a development server. Do not use it in a production deployment. Use a production WSGI server instead.
 * Running on http://127.0.0.1:5000
Press CTRL+C to quit
 * Persistence : C:\Users\Vanitha\OneDrive\Desktop\brute-force-log-analyzer\bfla.db
 * Geo lookup  : no database configured
 * Alerting    : no channel configured
 * Live watch  : no BFLA_WATCH_PATH set
 * Serving Flask app 'app'
 * Debug mode: off
WARNING: This is a development server. Do not use it in a production deployment. Use a production WSGI server instead.
 * Running on http://127.0.0.1:5000
Press CTRL+C to quit
 * Persistence : C:\Users\Vanitha\OneDrive\Desktop\brute-force-log-analyzer\bfla.db
 * Geo lookup  : no database configured
 * Alerting    : no channel configured
 * Live watch  : no BFLA_WATCH_PATH set
 * Serving Flask app 'app'
 * Debug mode: off
WARNING: This is a development server. Do not use it in a production deployment. Use a production WSGI server instead.
 * Running on http://127.0.0.1:5000
Press CTRL+C to quit
 * Persistence : C:\Users\Vanitha\OneDrive\Desktop\brute-force-log-analyzer\bfla.db
 * Geo lookup  : no database configured
 * Alerting    : no channel configured
 * Live watch  : no BFLA_WATCH_PATH set
 * Serving Flask app 'app'
 * Debug mode: off
WARNING: This is a development server. Do not use it in a production deployment. Use a production WSGI server instead.
 * Running on http://127.0.0.1:5000
Press CTRL+C to quit
 * Persistence : C:\Users\Vanitha\OneDrive\Desktop\brute-force-log-analyzer\bfla.db
 * Geo lookup  : no database configured
 * Alerting    : no channel configured
 * Live watch  : no BFLA_WATCH_PATH set
 * Serving Flask app 'app'
 * Debug mode: off
WARNING: This is a development server. Do not use it in a production deployment. Use a production WSGI server instead.
 * Running on http://127.0.0.1:5000
Press CTRL+C to quit
 * Persistence : C:\Users\Vanitha\OneDrive\Desktop\brute-force-log-analyzer\bfla.db
 * Geo lookup  : no database configured
 * Alerting    : no channel configured
 * Live watch  : no BFLA_WATCH_PATH set
 * Serving Flask app 'app'
 * Debug mode: off
WARNING: This is a development server. Do not use it in a production deployment. Use a production WSGI server instead.
 * Running on http://127.0.0.1:5000
Press CTRL+C to quit
 * Persistence : C:\Users\Vanitha\OneDrive\Desktop\brute-force-log-analyzer\bfla.db
 * Geo lookup  : no database configured
 * Alerting    : no channel configured
 * Live watch  : no BFLA_WATCH_PATH set
 * Serving Flask app 'app'
 * Debug mode: off
WARNING: This is a development server. Do not use it in a production deployment. Use a production WSGI server instead.
 * Running on http://127.0.0.1:5000
Press CTRL+C to quit
 * Persistence : C:\Users\Vanitha\OneDrive\Desktop\brute-force-log-analyzer\bfla.db
 * Geo lookup  : no database configured
 * Alerting    : no channel configured
 * Live watch  : no BFLA_WATCH_PATH set
 * Serving Flask app 'app'
 * Debug mode: off
WARNING: This is a development server. Do not use it in a production deployment. Use a production WSGI server instead.
 * Running on http://127.0.0.1:5000
Press CTRL+C to quit
